2025-10-01 11:03:00 | INFO | repo=tictactoe | action=commit
2025-05-03 17:49:00 | DEBUG | repo=tictactoe | action=commit
2025-10-23 07:13:00 | INFO | repo=tictactoe | action=commit
2025-02-11 07:59:00 | DEBUG | repo=tictactoe | action=commit
2025-06-26 10:27:00 | WARN | repo=tictactoe | action=commit
2025-03-12 11:51:00 | WARN | repo=tictactoe | action=test | passed=true
2025-07-22 07:41:00 | WARN | repo=tictactoe | action=edit | files=1
2025-05-19 15:42:00 | WARN | repo=tictactoe | action=pull
2025-11-05 16:53:00 | DEBUG | repo=tictactoe | action=commit
2025-01-15 10:22:00 | DEBUG | repo=tictactoe | action=commit
2025-06-19 09:25:00 | WARN | repo=tictactoe | action=commit
2025-09-11 21:44:00 | INFO | repo=tictactoe | action=commit
2025-07-28 19:24:00 | WARN | repo=tictactoe | action=commit
2025-01-13 15:21:00 | WARN | repo=tictactoe | action=commit
2025-03-05 08:49:00 | INFO | repo=tictactoe | action=commit
2025-08-16 14:33:00 | INFO | repo=tictactoe | action=commit
2025-12-25 08:17:00 | INFO | repo=tictactoe | action=commit
2025-12-24 21:00:00 | WARN | repo=tictactoe | action=commit
2025-04-28 07:30:00 | DEBUG | repo=tictactoe | action=commit
2025-09-16 18:34:00 | WARN | repo=tictactoe | action=commit
2025-08-07 19:23:00 | INFO | repo=tictactoe | action=commit
2025-03-14 15:27:00 | WARN | repo=tictactoe | action=commit
2025-01-04 18:42:00 | INFO | repo=tictactoe | action=commit
2025-10-19 20:35:00 | DEBUG | repo=tictactoe | action=edit | files=4
2025-10-02 18:30:00 | INFO | repo=tictactoe | action=commit
2025-04-20 13:14:00 | DEBUG | repo=tictactoe | action=commit
2025-11-28 18:34:00 | INFO | repo=tictactoe | action=commit
2025-07-08 17:56:00 | INFO | repo=tictactoe | action=test | passed=true
2025-10-25 18:29:00 | WARN | repo=tictactoe | action=test | passed=true
2025-03-07 10:47:00 | DEBUG | repo=tictactoe | action=commit
2025-03-23 09:08:00 | INFO | repo=tictactoe | action=pull
2025-04-21 15:17:00 | INFO | repo=tictactoe | action=commit
2025-01-13 08:05:00 | INFO | repo=tictactoe | action=test | passed=true
2025-07-15 13:08:00 | DEBUG | repo=tictactoe | action=commit
2025-09-08 14:04:00 | INFO | repo=tictactoe | action=edit | files=5
2025-05-14 19:37:00 | WARN | repo=tictactoe | action=commit
2025-05-12 12:06:00 | DEBUG | repo=tictactoe | action=commit
2025-04-08 08:03:00 | WARN | repo=tictactoe | action=commit
2025-03-04 07:49:00 | DEBUG | repo=tictactoe | action=commit
2025-07-10 18:25:00 | DEBUG | repo=tictactoe | action=commit
2025-04-03 20:14:00 | DEBUG | repo=tictactoe | action=edit | files=1
2025-12-23 19:06:00 | DEBUG | repo=tictactoe | action=commit
2025-06-20 11:42:00 | WARN | repo=tictactoe | action=commit
2025-04-14 14:15:00 | DEBUG | repo=tictactoe | action=pull
2025-04-02 08:52:00 | WARN | repo=tictactoe | action=commit
2025-09-15 19:45:00 | WARN | repo=tictactoe | action=commit
2025-08-26 11:45:00 | WARN | repo=tictactoe | action=test | passed=true
2025-08-19 07:48:00 | WARN | repo=tictactoe | action=edit | files=2
2025-12-08 08:56:00 | DEBUG | repo=tictactoe | action=commit
2025-10-05 14:16:00 | DEBUG | repo=tictactoe | action=commit
2025-03-01 12:28:00 | WARN | repo=tictactoe | action=test | passed=true
2025-10-02 10:21:00 | DEBUG | repo=tictactoe | action=commit
2025-06-01 08:25:00 | INFO | repo=tictactoe | action=commit
2025-01-13 10:42:00 | INFO | repo=tictactoe | action=test | passed=true
2025-06-09 19:47:00 | INFO | repo=tictactoe | action=commit
2025-11-13 09:32:00 | INFO | repo=tictactoe | action=commit
2025-04-19 18:19:00 | INFO | repo=tictactoe | action=commit
2025-04-23 20:58:00 | DEBUG | repo=tictactoe | action=commit
2025-08-04 12:12:00 | INFO | repo=tictactoe | action=commit
2025-10-15 18:11:00 | DEBUG | repo=tictactoe | action=commit
2025-05-14 16:55:00 | DEBUG | repo=tictactoe | action=test | passed=true
2025-12-19 19:40:00 | WARN | repo=tictactoe | action=commit
2025-06-19 10:09:00 | INFO | repo=tictactoe | action=commit
2025-08-24 13:59:00 | DEBUG | repo=tictactoe | action=commit
2025-06-25 09:08:00 | DEBUG | repo=tictactoe | action=commit
2025-12-20 21:04:00 | INFO | repo=tictactoe | action=pull
2025-05-14 15:55:00 | INFO | repo=tictactoe | action=pull
2025-02-14 17:22:00 | WARN | repo=tictactoe | action=edit | files=1
2025-06-23 11:35:00 | INFO | repo=tictactoe | action=edit | files=4
2025-09-09 07:59:00 | DEBUG | repo=tictactoe | action=commit
2025-02-01 15:56:00 | INFO | repo=tictactoe | action=commit
2025-06-17 18:29:00 | INFO | repo=tictactoe | action=commit
2025-02-07 11:56:00 | WARN | repo=tictactoe | action=pull
2025-04-23 15:20:00 | DEBUG | repo=tictactoe | action=pull
2025-08-08 15:52:00 | INFO | repo=tictactoe | action=edit | files=2
2025-05-01 18:25:00 | INFO | repo=tictactoe | action=commit
2025-09-17 14:58:00 | DEBUG | repo=tictactoe | action=commit
2025-08-27 16:53:00 | WARN | repo=tictactoe | action=pull
2025-03-24 08:50:00 | INFO | repo=tictactoe | action=commit
2025-02-11 11:15:00 | WARN | repo=tictactoe | action=test | passed=true
2025-11-03 11:09:00 | WARN | repo=tictactoe | action=commit
2025-06-14 18:21:00 | WARN | repo=tictactoe | action=pull
2025-02-11 18:11:00 | DEBUG | repo=tictactoe | action=edit | files=5
2025-04-19 10:40:00 | WARN | repo=tictactoe | action=commit
2025-12-24 19:09:00 | WARN | repo=tictactoe | action=commit
2025-07-08 21:09:00 | WARN | repo=tictactoe | action=commit
2025-09-18 13:51:00 | WARN | repo=tictactoe | action=commit
2025-12-20 16:52:00 | DEBUG | repo=tictactoe | action=commit
2025-01-11 19:45:00 | INFO | repo=tictactoe | action=commit
2025-04-14 16:39:00 | DEBUG | repo=tictactoe | action=commit
2025-11-16 18:20:00 | DEBUG | repo=tictactoe | action=commit
2025-02-21 16:14:00 | DEBUG | repo=tictactoe | action=commit
2025-02-03 12:22:00 | INFO | repo=tictactoe | action=commit
2025-01-22 14:27:00 | WARN | repo=tictactoe | action=commit
2025-07-20 21:40:00 | WARN | repo=tictactoe | action=pull
2025-02-04 09:19:00 | DEBUG | repo=tictactoe | action=commit
2025-02-28 10:46:00 | INFO | repo=tictactoe | action=commit
2025-12-21 18:49:00 | INFO | repo=tictactoe | action=commit
2025-01-14 21:59:00 | DEBUG | repo=tictactoe | action=edit | files=3
2025-11-07 07:29:00 | INFO | repo=tictactoe | action=commit
2025-08-08 14:42:00 | DEBUG | repo=tictactoe | action=commit
2025-03-01 14:14:00 | INFO | repo=tictactoe | action=edit | files=4
2025-10-06 10:13:00 | INFO | repo=tictactoe | action=test | passed=true
2025-06-15 20:20:00 | INFO | repo=tictactoe | action=commit
2025-10-01 20:10:00 | INFO | repo=tictactoe | action=commit
2025-07-07 19:26:00 | DEBUG | repo=tictactoe | action=edit | files=4
2025-01-24 08:21:00 | INFO | repo=tictactoe | action=commit
2025-12-03 15:31:00 | INFO | repo=tictactoe | action=commit
2025-10-12 15:39:00 | INFO | repo=tictactoe | action=edit | files=3
2025-03-01 20:54:00 | DEBUG | repo=tictactoe | action=commit
2025-04-13 18:55:00 | INFO | repo=tictactoe | action=commit
2025-08-27 18:13:00 | WARN | repo=tictactoe | action=commit
2025-01-15 12:52:00 | INFO | repo=tictactoe | action=commit
2025-07-23 07:18:00 | INFO | repo=tictactoe | action=commit
2025-03-21 15:53:00 | DEBUG | repo=tictactoe | action=commit
2025-10-16 09:17:00 | INFO | repo=tictactoe | action=commit
2025-09-18 09:42:00 | WARN | repo=tictactoe | action=edit | files=3
2025-08-22 16:38:00 | WARN | repo=tictactoe | action=commit
2025-09-15 21:20:00 | WARN | repo=tictactoe | action=commit
2025-04-06 07:29:00 | WARN | repo=tictactoe | action=commit
2025-08-28 20:21:00 | WARN | repo=tictactoe | action=edit | files=2
2025-07-05 09:02:00 | DEBUG | repo=tictactoe | action=commit
2025-12-15 16:47:00 | DEBUG | repo=tictactoe | action=edit | files=4
2025-01-21 12:56:00 | WARN | repo=tictactoe | action=commit
2025-07-28 16:39:00 | DEBUG | repo=tictactoe | action=commit
2025-03-23 08:31:00 | WARN | repo=tictactoe | action=edit | files=3
2025-03-15 20:36:00 | WARN | repo=tictactoe | action=commit
2025-10-02 08:09:00 | DEBUG | repo=tictactoe | action=commit
2025-05-28 15:04:00 | DEBUG | repo=tictactoe | action=commit
2025-03-09 14:33:00 | DEBUG | repo=tictactoe | action=commit
